
╔═══════════════════════════════════════════════════════════════════════════╗
║ R2 — THE 442 RUN · ⚠ WRITES DATA · run #1                               ║
╚═══════════════════════════════════════════════════════════════════════════╝
  started (local) 2026-08-17T07:25:19.289Z
  window: fromDate=2017-04-01  toDate=2025-01-31   ⚠ toDate is the only v3 protection
  spacing: BATCH_SIZE=3 · SESSION_RESET_EVERY_N=3 · 1500ms between batches (production values, unchanged)
  fence baseline: 439 symbols carry v3-era rows · 6572 rows watched
  ⚠ --dry: gates and chunk plan only, NO WRITES
  cohort 49 · already done 0 · to do 49 in 5 chunk(s) of 10 (of 5 for the full cohort)
  ✓ background_jobs running/pending = 0 at start
  ⚠ holds DROPPED (13:00-14:10 · 15:50-16:40 · job gate). Only stop-for-day at 21:10 UTC stands (RETENTION_PRUNE 21:30 is destructive).
  ⚠ throttle watch ARMED: stop at >=5 throttle-shaped failures in one chunk, or >=3 in two consecutive.

  chunk plan (first 3): [1] ABB ANANDRATHI ASIANPAINT ATGL BEL BLUESTARCO BRITANNIA BSE BSOFT CAMS  [2] CROMPTON ERIS GALLANTT GESHIP GMRAIRPORT GODFRYPHLP GPIL GRAPHITE HBLENGINE ICICIBANK  [3] INDIAMART INDIGO INDUSTOWER IPCALAB ITC JSWDULUX KPIL KPITTECH LEMONTREE LTTS


╔═══════════════════════════════════════════════════════════════════════════╗
║ R2 — THE 442 RUN · ⚠ WRITES DATA · run #1                               ║
╚═══════════════════════════════════════════════════════════════════════════╝
  started (local) 2026-08-17T07:25:59.431Z
  window: fromDate=2017-04-01  toDate=2025-01-31   ⚠ toDate is the only v3 protection
  spacing: BATCH_SIZE=3 · SESSION_RESET_EVERY_N=3 · 1500ms between batches (production values, unchanged)
  fence baseline: 439 symbols carry v3-era rows · 6572 rows watched
  cohort 49 · already done 0 · to do 49 in 5 chunk(s) of 10 (of 5 for the full cohort)
  ✓ background_jobs running/pending = 0 at start
  ⚠ holds DROPPED (13:00-14:10 · 15:50-16:40 · job gate). Only stop-for-day at 21:10 UTC stands (RETENTION_PRUNE 21:30 is destructive).
  ⚠ throttle watch ARMED: stop at >=5 throttle-shaped failures in one chunk, or >=3 in two consecutive.

  ── chunk 1/5: ABB ANANDRATHI ASIANPAINT ATGL BEL BLUESTARCO BRITANNIA BSE BSOFT CAMS
     ABB            filings=  38 ingested=  38 failed=  0   28.4s
     ANANDRATHI     filings=  30 ingested=  30 failed=  0   19.6s
     ASIANPAINT     filings=  69 ingested=  69 failed=  0   54.7s
     ATGL           filings=  61 ingested=  61 failed=  0   33.8s
     BEL            filings=  64 ingested=  64 failed=  0   51.5s
     BLUESTARCO     filings=  68 ingested=  68 failed=  0   37.3s
     BRITANNIA      filings=  67 ingested=  67 failed=  0   52.8s
     BSE            filings=  69 ingested=  69 failed=  0   36.8s
     BSOFT          filings=  69 ingested=  69 failed=  0   52.9s
     CAMS           filings=  35 ingested=  35 failed=  0   24.5s
     chunk  1/5 · done  10/49 · chunk 6.6min · elapsed 6.6min · filings  570 ingested  570 failed   0 (0%) · cumulative 0 · fence ✓ · 07:32 UTC
       MIX: none   (no throttle signature)

  ── chunk 2/5: CROMPTON ERIS GALLANTT GESHIP GMRAIRPORT GODFRYPHLP GPIL GRAPHITE HBLENGINE ICICIBANK
     CROMPTON       filings=  64 ingested=  64 failed=  0   37.7s
     ERIS           filings=  69 ingested=  69 failed=  0   50.2s
     GALLANTT       filings=  59 ingested=  59 failed=  0   33.0s
     GESHIP         filings=  70 ingested=  69 failed=  1   51.8s
     GMRAIRPORT     filings=  65 ingested=  65 failed=  0   36.4s
     GODFRYPHLP     filings=  64 ingested=  64 failed=  0   48.8s
     GPIL           filings=  66 ingested=  66 failed=  0   34.6s
     GRAPHITE       filings=  68 ingested=  68 failed=  0   53.8s
     HBLENGINE      filings=  56 ingested=  56 failed=  0   32.2s
     ICICIBANK      filings=  62 ingested=  60 failed=  2   40.9s
     chunk  2/5 · done  20/49 · chunk 7.1min · elapsed 13.7min · filings  643 ingested  640 failed   3 (0%) · cumulative 3 · fence ✓ · 07:39 UTC
       MIX: 404×2 other×1   (no throttle signature)

  ── chunk 3/5: INDIAMART INDIGO INDUSTOWER IPCALAB ITC JSWDULUX KPIL KPITTECH LEMONTREE LTTS
     INDIAMART      filings=  55 ingested=  55 failed=  0   33.1s
     INDIGO         filings=  64 ingested=  64 failed=  0   34.0s
     INDUSTOWER     filings=  63 ingested=  63 failed=  0   50.0s
     IPCALAB        filings=  63 ingested=  63 failed=  0   49.1s
     ITC            filings=  63 ingested=  63 failed=  0   36.1s
     JSWDULUX       filings=  64 ingested=  64 failed=  0   51.4s
     KPIL           filings=  64 ingested=  64 failed=  0   33.4s
     KPITTECH       filings=  58 ingested=  58 failed=  0   45.4s
     LEMONTREE      filings=  69 ingested=  69 failed=  0   36.5s
     LTTS           filings=  69 ingested=  69 failed=  0   38.9s
     chunk  3/5 · done  30/49 · chunk 6.9min · elapsed 20.6min · filings  632 ingested  632 failed   0 (0%) · cumulative 3 · fence ✓ · 07:46 UTC
       MIX: none   (no throttle signature)

  ── chunk 4/5: LUPIN MPHASIS MRPL NBCC NYKAA POLYCAB REDINGTON RELIANCE SHREECEM SUNPHARMA
     LUPIN          filings=  69 ingested=  69 failed=  0   41.8s
     MPHASIS        filings=  68 ingested=  68 failed=  0   52.3s
     MRPL           filings=  62 ingested=  62 failed=  0   33.4s
     NBCC           filings=  67 ingested=  67 failed=  0   51.8s
     NYKAA          filings=  32 ingested=  32 failed=  0   19.9s
     POLYCAB        filings=  59 ingested=  58 failed=  1   32.9s
     REDINGTON      filings=  69 ingested=  69 failed=  0   52.6s
     RELIANCE       filings=  64 ingested=  64 failed=  0   52.8s
     SHREECEM       filings=  61 ingested=  61 failed=  0   35.2s
     SUNPHARMA      filings=  68 ingested=  68 failed=  0   43.1s
     chunk  4/5 · done  40/49 · chunk 7.0min · elapsed 27.6min · filings  619 ingested  618 failed   1 (0%) · cumulative 4 · fence ✓ · 07:53 UTC
       MIX: other×1   (no throttle signature)

  ── chunk 5/5: SUZLON TATASTEEL TORNTPHARM TVSMOTOR UBL UNITDSPR WELSPUNLIV WHIRLPOOL ZENTEC
     SUZLON         filings=  68 ingested=  68 failed=  0   50.0s
     TATASTEEL      filings=  69 ingested=  69 failed=  0   54.6s
     TORNTPHARM     filings=  69 ingested=  69 failed=  0   36.3s
     TVSMOTOR       filings=  65 ingested=  63 failed=  2   54.5s
     UBL            filings=  60 ingested=  60 failed=  0   33.0s
     UNITDSPR       filings=  64 ingested=  64 failed=  0   49.8s
     WELSPUNLIV     filings=  70 ingested=  69 failed=  1   36.7s
     WHIRLPOOL      filings=  62 ingested=  62 failed=  0   49.5s
     ZENTEC         filings=  63 ingested=  63 failed=  0   35.1s
     chunk  5/5 · done  49/49 · chunk 6.7min · elapsed 34.3min · filings  590 ingested  587 failed   3 (1%) · cumulative 7 · fence ✓ · 08:00 UTC
       MIX: 404×2 other×1   (no throttle signature)

╔═══════════════════════════════════════════════════════════════════════════╗
║ RUN SEGMENT COMPLETE                                                      ║
╚═══════════════════════════════════════════════════════════════════════════╝
  wall 34.3 min · ledger 49/49
  cumulative: filings 3054 · ingested 3047 · failed 7
  chunks retried: none
  second-pass list: empty
  ⚠ scoring jobs observed while this run was in flight: ✓ NONE
  CUMULATIVE FAILURE MIX: 404×4 other×3
  throttle-shaped total: 0 of 7 (0.0%)   ✓ no throttle signature across the whole run
  → ./_f1-ledger.json

