
╔═══════════════════════════════════════════════════════════════════════════╗
║ F3 · DELHIVERY    · non_financial  · quarterly_results         ⚠ COMMIT ║
╚═══════════════════════════════════════════════════════════════════════════╝
  rows held: 36  (SA 18 · CO 18)
  fyEnd months declared by ACCEPTED documents : Mar
  fyEnd months declared by REFUSED documents  : Sep
  documents where the deriver REFUSES        : 2
  ⇒ test (b) "every accepted document says March": ✓ PASSES
  documents UNREADABLE (fetch failed) — stored label kept, no fallback: 0
     fallback used for 2022-09-30/standalone — via test (b) stock is a March-only filer
     fallback used for 2022-09-30/consolidated — via test (b) stock is a March-only filer

  ── DELETE LIST (0) — a duplicate of a quarter already represented ──
  (none)

  ── INSERT LIST · the rows whose LABEL CHANGES (2) ──
  report_date  basis         old     → new      via         source                        
  2022-09-30   standalone    FY22Q2  → FY23Q2   convention  nse_xbrl_quarterly_legacy     
  2022-09-30   consolidated  FY22Q2  → FY23Q2   convention  nse_xbrl_quarterly_legacy     
  (the other 34 kept rows re-derive to exactly their stored label — unchanged)

  ── ARITHMETIC ──
  total  36 →  36   relabelled 2 · unchanged 34 · dropped 0
  distinct real quarters (report_date, basis): 36  ✓ one row each
  target (label, basis) keys unique          : ✓ yes — no unique-key collision

  deleted 36 · inserted 36
  ✓ assertions: 36 rows · 36 distinct quarters · 0 lost
  ✓ COMMITTED

╔═══════════════════════════════════════════════════════════════════════════╗
║ F3 SUMMARY                                                                ║
╚═══════════════════════════════════════════════════════════════════════════╝
  stock        table                         before  after  relabel  drop
  DELHIVERY    quarterly_results                 36     36        2     0

  FENCE BY ID over 6572 v3 rows: 0 moved · 0 vanished  ✓ CLEAN

  → ./_f3-repair-committed.json

