
╔═══════════════════════════════════════════════════════════════════════════╗
║ F5a — THE CONDITION: does NSE serve ANYTHING for these three, right now?   ║
╚═══════════════════════════════════════════════════════════════════════════╝
  integrated-filing window: 19-04-2026 → 17-08-2026   (120 days, the current filing period)

  symbol         totalCount   rows   verdict
[NseClient] Initialising session…
[NseClient] Session ready
  ABBOTINDIA              0      0   empty — condition holds
  BAYERCROP               0      0   empty — condition holds
  MCX                     0      0   empty — condition holds
  RELIANCE                6      6   ✓ control alive — a zero elsewhere is real

  ✓ CONDITION MET — all three return totalCount 0 while the control returns 6.

╔═══════════════════════════════════════════════════════════════════════════╗
║ F5e — DEACTIVATE                                                          ║
╚═══════════════════════════════════════════════════════════════════════════╝
  before: ABBOTINDIA=true  BAYERCROP=true  MCX=true
  active stocks (all industries) : 504
  active cohort (nf + banking)   : 442

  THE STATEMENT:
     UPDATE stocks SET is_active = false WHERE symbol IN ('ABBOTINDIA','BAYERCROP','MCX') AND is_active = true;
     (is_active = true in the predicate so a re-run is a no-op rather than a silent 0-row "success")

  rows affected: 3
  ✓ assertions: exactly 3 deactivated · none still active · active total 504 → 501
  ✓ COMMITTED

  ── F5f · counts after ──
  active stocks (all industries) : 504 → 501
  active cohort (nf + banking)   : 442 → 439   ✓ 439

  ── NOTHING WAS DELETED — every row is still there ──
  symbol       active     prices  events   shp   news  findings  peer_grp
  ABBOTINDIA   false         996      17     5     55        10         0
  BAYERCROP    false         996      21     4     33        10         0
  MCX          false         997      18     4     72        10         1

  → ./_f5e-deactivate.json

